// Jest Snapshot v1, https://goo.gl/fbAQLP

exports[`correctly transpiles 1`] = `
"import Foo from './bar'

export { Baz } from './foo'

const layoutProps = {
  
};
export default class MDXContent extends React.Component {
  constructor(props) {
    super(props)
    this.layout = Foo
  }
  render() {
    const { components, ...props } = this.props

    return <MDXTag
             name=\\"wrapper\\"
             Layout={this.layout} layoutProps={Object.assign({}, layoutProps, props)}
             components={components}>


<MDXTag name=\\"h1\\" components={components}>{\`Hello, world! \`}<Foo bar={{ baz: 'qux' }} /></MDXTag>
<Baz>
  Hi!
</Baz>
           </MDXTag>
  }
}"
`;
